{
  "data": {
    "summaries": [
      {
        "id": "71a631ca78fd48569740fe69a78ce456",
        "description": "SummaryTest"
      }
    ]
  }
}
